A51 MACRO ASSEMBLER  ENCODE                                                               01/22/2023 19:24:09 PAGE     1


MACRO ASSEMBLER A51 V8.2.7.0
OBJECT MODULE PLACED IN .\Objects\encode.obj
ASSEMBLER INVOKED BY: D:\Keil_v5\C51\BIN\A51.EXE encode.asm SET(SMALL) DEBUG PRINT(.\Listings\encode.lst) OBJECT(.\Objec
                      ts\encode.obj) EP

LOC  OBJ            LINE     SOURCE

0000                   1     ORG 0H
0000 020100            2     LJMP MAIN
0100                   3     ORG 100H
0100                   4     MAIN:
0100 3130              5     CALL QUANT
0102 80FE              6             HERE: SJMP HERE
0130                   7     ORG 130H
                       8     
0130                   9     QUANT:
0130 7C08             10     MOV R4, #08H     
0132 7860             11     MOV R0, #60H     
0134 7970             12     MOV R1, #70H     
                      13     
0136 86F0             14     loop : MOV B, @R0        
                      15     
0138 E5F0             16     MOV A, B
013A 5480             17     ANL A, #10000000B        
013C 7021             18     JNZ elsee                        
                      19     
013E E5F0             20     MOV A, B
0140 C3               21     CLR C
0141 940A             22     SUBB A, #10
0143 5004             23     JNC elseif1
0145 7705             24     MOV @R1, #5              
0147 8018             25     SJMP done                        
                      26     
0149 E5F0             27     elseif1 : MOV A, B
014B C3               28     CLR C
014C 9414             29     SUBB A, #20
014E 5004             30     JNC elseif2
0150 770F             31     MOV @R1, #15             
0152 800D             32     SJMP done                        
                      33     
0154 E5F0             34     elseif2 : MOV A,B
0156 C3               35     CLR C
0157 941E             36     SUBB A, #30
0159 5004             37     JNC elsee
015B 7719             38     MOV @R1, #25             
015D 8002             39     SJMP done                
                      40     
                      41     
                      42     
015F 7723             43     elsee : MOV @R1,#35
                      44     
0161 08               45     done : INC R0
0162 09               46     INC R1
0163 DCD1             47     DJNZ R4, loop
                      48     
                      49     
0165 22               50     RET
                      51     END
A51 MACRO ASSEMBLER  ENCODE                                                               01/22/2023 19:24:09 PAGE     2

SYMBOL TABLE LISTING
------ ----- -------


N A M E             T Y P E  V A L U E   ATTRIBUTES

B. . . . . . . . .  D ADDR   00F0H   A   
DONE . . . . . . .  C ADDR   0161H   A   
ELSEE. . . . . . .  C ADDR   015FH   A   
ELSEIF1. . . . . .  C ADDR   0149H   A   
ELSEIF2. . . . . .  C ADDR   0154H   A   
HERE . . . . . . .  C ADDR   0102H   A   
LOOP . . . . . . .  C ADDR   0136H   A   
MAIN . . . . . . .  C ADDR   0100H   A   
QUANT. . . . . . .  C ADDR   0130H   A   


REGISTER BANK(S) USED: 0 


ASSEMBLY COMPLETE.  0 WARNING(S), 0 ERROR(S)
