C51 COMPILER V9.60.7.0   ALGO1                                                             04/08/2023 14:54:32 PAGE 1   


C51 COMPILER V9.60.7.0, COMPILATION OF MODULE ALGO1
OBJECT MODULE PLACED IN .\Objects\Algo1.obj
COMPILER INVOKED BY: D:\Keil_v5\C51\BIN\C51.EXE Algo1.c OPTIMIZE(8,SPEED) BROWSE DEBUG OBJECTEXTEND PRINT(.\Listings\Alg
                    -o1.lst) TABS(2) OBJECT(.\Objects\Algo1.obj)

line level    source

   1          #include <at89c5131.h>
   2          #include "lcd.h"
   3          
   4          long unsigned int a,b,a1,b1,a0,b0,c0,c1,c2,c3,c,sec,i,k,counter;
   5          long unsigned int showit[5] = {0,0,0,0,0};
   6          long unsigned int prod[9] = {0,0,0,0,0,0,0,0,0};
   7          
   8          
   9          
  10          void main(){
  11   1      
  12   1        k = 0;
  13   1        counter = 1;
  14   1        
  15   1        a = 29851;
  16   1        b = 11237;
  17   1        
  18   1        lcd_init();
  19   1        msdelay(4);
  20   1        
  21   1        //configuring timer
  22   1        TMOD = 0x10;
  23   1        TH1 = 0x00;
  24   1        TL1 = 0x00;
  25   1        
  26   1        //start
  27   1        TR1 = 1;
  28   1        
  29   1        
  30   1        a1 = a/10;
  31   1        a0 = a%10;
  32   1        b1 = b/10;
  33   1        b0 = b%10;
  34   1        c0 = a0*b0;
  35   1        c1 = a0*b1;
  36   1        c2 = a1*b0;
  37   1        c3 = a1*b1;
  38   1        c = c0 + (c1 + c2)*10 + c3*100;
  39   1        
  40   1        TR1 = 0;      //stop
  41   1        
  42   1        sec = (TH1*256 + TL1)/(2);
  43   1      
  44   1        //conversion to charr
  45   1        
  46   1        i = c;
  47   1        for(counter = 0; counter<=8; counter++){
  48   2        prod[counter]=i%10;
  49   2        i=i/10;
  50   2        }
  51   1        
  52   1        
  53   1        i = sec;
  54   1        for(counter = 1; counter<=5; counter++){
C51 COMPILER V9.60.7.0   ALGO1                                                             04/08/2023 14:54:32 PAGE 2   

  55   2        showit[k]=i%10;
  56   2        i=i/10;
  57   2        k++;
  58   2        }
  59   1        
  60   1        if(k<4){
  61   2        for(counter = 1; counter<=(4-k); counter++){
  62   3      
  63   3        showit[k] = 0;
  64   3        k++;
  65   3        }
  66   2        }
  67   1        
  68   1        lcd_cmd(0x01);
  69   1        msdelay(4);
  70   1        lcd_cmd(0x80);
  71   1        msdelay(4);
  72   1        lcd_write_string("Prod1=");
  73   1        msdelay(10);
  74   1        for (i=0;i<9;i++){
  75   2          lcd_write_char(prod[8-i] + 48);
  76   2          msdelay(10);
  77   2        }
  78   1        
  79   1        lcd_cmd(0xC0);
  80   1        msdelay(10);
  81   1        lcd_write_string("Time1=");
  82   1        msdelay(10);
  83   1        for (i=0;i<k;i++){
  84   2          lcd_write_char(showit[4-i] + 48);
  85   2          msdelay(10);
  86   2        }
  87   1        
  88   1        while(1);
  89   1        
  90   1      }


MODULE INFORMATION:   STATIC OVERLAYABLE
   CODE SIZE        =   1175    ----
   CONSTANT SIZE    =     14    ----
   XDATA SIZE       =   ----    ----
   PDATA SIZE       =   ----    ----
   DATA SIZE        =    116       3
   IDATA SIZE       =   ----    ----
   BIT SIZE         =   ----    ----
END OF MODULE INFORMATION.


C51 COMPILATION COMPLETE.  0 WARNING(S),  0 ERROR(S)
